             VMA              LMA     Size Align Out     In      Symbol
               0                0        0     1 . = 0x0
               0                0      7c8     4 PrgCode
               0                0        0     1         . = ALIGN ( 4 )
               0                0        0     4         /home/user/starfive-flashloader/target/riscv64gc-unknown-none-elf/release/deps/starfive_flashloader-c72c34687475ab7e.starfive_flashloader.58903434e2f13121-cgu.0.rcgu.o:(.text)
               0                0        0     4         /home/user/.rustup/toolchains/stable-x86_64-unknown-linux-gnu/lib/rustlib/riscv64gc-unknown-none-elf/lib/libcompiler_builtins-f363025206c1bd14.rlib(compiler_builtins-f363025206c1bd14.compiler_builtins.b3cfb8e0e6c932fb-cgu.132.rcgu.o):(.text)
               0                0        0     4         /home/user/.rustup/toolchains/stable-x86_64-unknown-linux-gnu/lib/rustlib/riscv64gc-unknown-none-elf/lib/libcompiler_builtins-f363025206c1bd14.rlib(compiler_builtins-f363025206c1bd14.compiler_builtins.b3cfb8e0e6c932fb-cgu.10.rcgu.o):(.text)
               0                0       60     2         /home/user/starfive-flashloader/target/riscv64gc-unknown-none-elf/release/deps/starfive_flashloader-c72c34687475ab7e.starfive_flashloader.58903434e2f13121-cgu.0.rcgu.o:(.text._ZN20starfive_flashloader13wait_for_idle17ha1076f93ccd063beE)
               0                0       60     1                 starfive_flashloader::wait_for_idle::ha1076f93ccd063be
               0                0        0     1                 
               0                0        0     1                 
               0                0        0     1                 
               4                4        0     1                 
               4                4        0     1                 
               8                8        0     1                 
               8                8        0     1                 
              18               18        0     1                 
              18               18        0     1                 
              1c               1c        0     1                 
              1c               1c        0     1                 
              20               20        0     1                 
              20               20        0     1                 
              22               22        0     1                 
              22               22        0     1                 
              26               26        0     1                 
              26               26        0     1                 
              28               28        0     1                 
              28               28        0     1                 
              2c               2c        0     1                 
              2c               2c        0     1                 
              30               30        0     1                 
              36               36        0     1                 
              36               36        0     1                 
              3a               3a        0     1                 
              3e               3e        0     1                 
              42               42        0     1                 
              42               42        0     1                 
              44               44        0     1                 
              44               44        0     1                 
              50               50        0     1                 
              54               54        0     1                 
              54               54        0     1                 
              58               58        0     1                 
              58               58        0     1                 
              5c               5c        0     1                 
              5c               5c        0     1                 
              5e               5e        0     1                 
              60               60        0     1                 
              60               60        0     1                 
              60               60        0     1                 
              60               60       3c     2         /home/user/starfive-flashloader/target/riscv64gc-unknown-none-elf/release/deps/starfive_flashloader-c72c34687475ab7e.starfive_flashloader.58903434e2f13121-cgu.0.rcgu.o:(.text.Init)
              60               60        0     1                 
              60               60        0     1                 
              60               60        0     1                 
              60               60       3c     1                 Init
              64               64        0     1                 
              64               64        0     1                 
              68               68        0     1                 
              68               68        0     1                 
              6a               6a        0     1                 
              6a               6a        0     1                 
              6c               6c        0     1                 
              6c               6c        0     1                 
              74               74        0     1                 
              74               74        0     1                 
              7a               7a        0     1                 
              7a               7a        0     1                 
              7c               7c        0     1                 
              7c               7c        0     1                 
              84               84        0     1                 
              84               84        0     1                 
              86               86        0     1                 
              86               86        0     1                 
              88               88        0     1                 
              88               88        0     1                 
              8a               8a        0     1                 
              8a               8a        0     1                 
              8e               8e        0     1                 
              8e               8e        0     1                 
              90               90        0     1                 
              90               90        0     1                 
              92               92        0     1                 
              92               92        0     1                 
              96               96        0     1                 
              96               96        0     1                 
              98               98        0     1                 
              98               98        0     1                 
              9c               9c        0     1                 
              9c               9c        0     1                 
              9c               9c        0     1                 
              9c               9c       16     2         /home/user/starfive-flashloader/target/riscv64gc-unknown-none-elf/release/deps/starfive_flashloader-c72c34687475ab7e.starfive_flashloader.58903434e2f13121-cgu.0.rcgu.o:(.text.UnInit)
              9c               9c        0     1                 
              9c               9c        0     1                 
              9c               9c        0     1                 
              9c               9c       16     1                 UnInit
              a0               a0        0     1                 
              a0               a0        0     1                 
              a4               a4        0     1                 
              a4               a4        0     1                 
              a6               a6        0     1                 
              a6               a6        0     1                 
              ac               ac        0     1                 
              ac               ac        0     1                 
              ae               ae        0     1                 
              ae               ae        0     1                 
              b2               b2        0     1                 
              b2               b2        0     1                 
              b2               b2        0     1                 
              b2               b2      1c8     2         /home/user/starfive-flashloader/target/riscv64gc-unknown-none-elf/release/deps/starfive_flashloader-c72c34687475ab7e.starfive_flashloader.58903434e2f13121-cgu.0.rcgu.o:(.text.ProgramPage)
              b2               b2        0     1                 
              b2               b2        0     1                 
              b2               b2        0     1                 
              b2               b2      1c8     1                 ProgramPage
              b4               b4        0     1                 
              b4               b4        0     1                 
              b4               b4        0     1                 
              be               be        0     1                 
              c8               c8        0     1                 
              c8               c8        0     1                 
              d2               d2        0     1                 
              d2               d2        0     1                 
              d6               d6        0     1                 
              d6               d6        0     1                 
              de               de        0     1                 
              e6               e6        0     1                 
              e6               e6        0     1                 
              e8               e8        0     1                 
              e8               e8        0     1                 
              ea               ea        0     1                 
              ea               ea        0     1                 
              f8               f8        0     1                 
              f8               f8        0     1                 
              fe               fe        0     1                 
              fe               fe        0     1                 
             102              102        0     1                 
             102              102        0     1                 
             10c              10c        0     1                 
             10c              10c        0     1                 
             112              112        0     1                 
             112              112        0     1                 
             118              118        0     1                 
             118              118        0     1                 
             11a              11a        0     1                 
             11a              11a        0     1                 
             11c              11c        0     1                 
             11c              11c        0     1                 
             11e              11e        0     1                 
             11e              11e        0     1                 
             120              120        0     1                 
             120              120        0     1                 
             126              126        0     1                 
             126              126        0     1                 
             128              128        0     1                 
             128              128        0     1                 
             12a              12a        0     1                 
             12c              12c        0     1                 
             12c              12c        0     1                 
             12e              12e        0     1                 
             12e              12e        0     1                 
             130              130        0     1                 
             130              130        0     1                 
             134              134        0     1                 
             134              134        0     1                 
             136              136        0     1                 
             136              136        0     1                 
             138              138        0     1                 
             138              138        0     1                 
             13a              13a        0     1                 
             13a              13a        0     1                 
             13c              13c        0     1                 
             13c              13c        0     1                 
             13e              13e        0     1                 
             13e              13e        0     1                 
             140              140        0     1                 
             148              148        0     1                 
             148              148        0     1                 
             14c              14c        0     1                 
             14c              14c        0     1                 
             14e              14e        0     1                 
             150              150        0     1                 
             150              150        0     1                 
             154              154        0     1                 
             154              154        0     1                 
             158              158        0     1                 
             15c              15c        0     1                 
             162              162        0     1                 
             162              162        0     1                 
             164              164        0     1                 
             164              164        0     1                 
             180              180        0     1                 
             180              180        0     1                 
             184              184        0     1                 
             184              184        0     1                 
             186              186        0     1                 
             186              186        0     1                 
             188              188        0     1                 
             188              188        0     1                 
             18c              18c        0     1                 
             18e              18e        0     1                 
             18e              18e        0     1                 
             190              190        0     1                 
             190              190        0     1                 
             194              194        0     1                 
             194              194        0     1                 
             198              198        0     1                 
             198              198        0     1                 
             19a              19a        0     1                 
             19e              19e        0     1                 
             1a0              1a0        0     1                 
             1a0              1a0        0     1                 
             1a2              1a2        0     1                 
             1a2              1a2        0     1                 
             1a6              1a6        0     1                 
             1aa              1aa        0     1                 
             1ae              1ae        0     1                 
             1b4              1b4        0     1                 
             1b8              1b8        0     1                 
             1bc              1bc        0     1                 
             1bc              1bc        0     1                 
             1c0              1c0        0     1                 
             1c0              1c0        0     1                 
             1c4              1c4        0     1                 
             1c4              1c4        0     1                 
             1c6              1c6        0     1                 
             1c6              1c6        0     1                 
             1c8              1c8        0     1                 
             1ca              1ca        0     1                 
             1cc              1cc        0     1                 
             1d4              1d4        0     1                 
             1d4              1d4        0     1                 
             1d8              1d8        0     1                 
             1d8              1d8        0     1                 
             1dc              1dc        0     1                 
             1dc              1dc        0     1                 
             1e0              1e0        0     1                 
             1e0              1e0        0     1                 
             1ec              1ec        0     1                 
             1ec              1ec        0     1                 
             1f0              1f0        0     1                 
             1f8              1f8        0     1                 
             1fa              1fa        0     1                 
             208              208        0     1                 
             208              208        0     1                 
             20c              20c        0     1                 
             20c              20c        0     1                 
             210              210        0     1                 
             210              210        0     1                 
             212              212        0     1                 
             212              212        0     1                 
             216              216        0     1                 
             216              216        0     1                 
             21a              21a        0     1                 
             21e              21e        0     1                 
             21e              21e        0     1                 
             220              220        0     1                 
             220              220        0     1                 
             228              228        0     1                 
             22c              22c        0     1                 
             22e              22e        0     1                 
             230              230        0     1                 
             230              230        0     1                 
             234              234        0     1                 
             234              234        0     1                 
             236              236        0     1                 
             236              236        0     1                 
             238              238        0     1                 
             238              238        0     1                 
             23c              23c        0     1                 
             23c              23c        0     1                 
             23e              23e        0     1                 
             23e              23e        0     1                 
             248              248        0     1                 
             248              248        0     1                 
             24e              24e        0     1                 
             24e              24e        0     1                 
             25a              25a        0     1                 
             25e              25e        0     1                 
             25e              25e        0     1                 
             268              268        0     1                 
             26a              26a        0     1                 
             26a              26a        0     1                 
             26c              26c        0     1                 
             26c              26c        0     1                 
             26e              26e        0     1                 
             26e              26e        0     1                 
             270              270        0     1                 
             270              270        0     1                 
             27a              27a        0     1                 
             27a              27a        0     1                 
             27a              27a        0     1                 
             27a              27a        0     1                 
             27a              27a       9c     2         /home/user/starfive-flashloader/target/riscv64gc-unknown-none-elf/release/deps/starfive_flashloader-c72c34687475ab7e.starfive_flashloader.58903434e2f13121-cgu.0.rcgu.o:(.text.EraseSector)
             27a              27a        0     1                 
             27a              27a        0     1                 
             27a              27a        0     1                 
             27a              27a       9c     1                 EraseSector
             27c              27c        0     1                 
             27e              27e        0     1                 
             280              280        0     1                 
             28a              28a        0     1                 
             28a              28a        0     1                 
             296              296        0     1                 
             296              296        0     1                 
             2a0              2a0        0     1                 
             2a0              2a0        0     1                 
             2a6              2a6        0     1                 
             2aa              2aa        0     1                 
             2aa              2aa        0     1                 
             2ae              2ae        0     1                 
             2ae              2ae        0     1                 
             2b2              2b2        0     1                 
             2b2              2b2        0     1                 
             2b8              2b8        0     1                 
             2b8              2b8        0     1                 
             2ba              2ba        0     1                 
             2ba              2ba        0     1                 
             2c0              2c0        0     1                 
             2c0              2c0        0     1                 
             2c2              2c2        0     1                 
             2c2              2c2        0     1                 
             2c6              2c6        0     1                 
             2c6              2c6        0     1                 
             2cc              2cc        0     1                 
             2cc              2cc        0     1                 
             2ce              2ce        0     1                 
             2dc              2dc        0     1                 
             2dc              2dc        0     1                 
             2e0              2e0        0     1                 
             2e0              2e0        0     1                 
             2e4              2e4        0     1                 
             2e4              2e4        0     1                 
             2e6              2e6        0     1                 
             2e6              2e6        0     1                 
             2ea              2ea        0     1                 
             2ea              2ea        0     1                 
             2ee              2ee        0     1                 
             2ee              2ee        0     1                 
             2f2              2f2        0     1                 
             2f2              2f2        0     1                 
             2f4              2f4        0     1                 
             2f4              2f4        0     1                 
             2fa              2fa        0     1                 
             2fa              2fa        0     1                 
             2fc              2fc        0     1                 
             2fe              2fe        0     1                 
             2fe              2fe        0     1                 
             300              300        0     1                 
             30a              30a        0     1                 
             30a              30a        0     1                 
             310              310        0     1                 
             310              310        0     1                 
             312              312        0     1                 
             316              316        0     1                 
             316              316        0     1                 
             316              316        0     1                 
             316              316        e     2         /home/user/starfive-flashloader/target/riscv64gc-unknown-none-elf/release/deps/starfive_flashloader-c72c34687475ab7e.starfive_flashloader.58903434e2f13121-cgu.0.rcgu.o:(.text.unlikely._ZN4core9panicking9panic_fmt17h15475fdbb5034117E)
             316              316        e     1                 core::panicking::panic_fmt::h15475fdbb5034117
             316              316        0     1                 
             316              316        0     1                 
             316              316        0     1                 
             318              318        0     1                 
             318              318        0     1                 
             31a              31a        0     1                 
             324              324        0     1                 
             324              324        0     1                 
             324              324        0     1                 
             324              324        e     2         /home/user/starfive-flashloader/target/riscv64gc-unknown-none-elf/release/deps/starfive_flashloader-c72c34687475ab7e.starfive_flashloader.58903434e2f13121-cgu.0.rcgu.o:(.text.unlikely._ZN4core5slice5index24slice_end_index_len_fail17h5ca3fc3809a1a18aE)
             324              324        e     1                 core::slice::index::slice_end_index_len_fail::h5ca3fc3809a1a18a
             324              324        0     1                 
             324              324        0     1                 
             324              324        0     1                 
             326              326        0     1                 
             326              326        0     1                 
             326              326        0     1                 
             328              328        0     1                 
             332              332        0     1                 
             332              332        0     1                 
             332              332        0     1                 
             332              332        0     1                 
             332              332        e     2         /home/user/starfive-flashloader/target/riscv64gc-unknown-none-elf/release/deps/starfive_flashloader-c72c34687475ab7e.starfive_flashloader.58903434e2f13121-cgu.0.rcgu.o:(.text.unlikely._ZN4core5slice5index22slice_index_order_fail17hd4fd66817777f4ecE)
             332              332        e     1                 core::slice::index::slice_index_order_fail::hd4fd66817777f4ec
             332              332        0     1                 
             332              332        0     1                 
             332              332        0     1                 
             334              334        0     1                 
             334              334        0     1                 
             334              334        0     1                 
             336              336        0     1                 
             340              340        0     1                 
             340              340        0     1                 
             340              340        0     1                 
             340              340        0     1                 
             340              340        2     2         /home/user/starfive-flashloader/target/riscv64gc-unknown-none-elf/release/deps/starfive_flashloader-c72c34687475ab7e.starfive_flashloader.58903434e2f13121-cgu.0.rcgu.o:(.text.rust_begin_unwind)
             340              340        2     1                 rust_begin_unwind
             340              340        0     1                 
             340              340        0     1                 
             340              340        0     1                 
             340              340        0     1                 
             342              342        0     1                 
             342              342        0     1                 
             342              342        0     1                 
             342              342        8     2         /home/user/.rustup/toolchains/stable-x86_64-unknown-linux-gnu/lib/rustlib/riscv64gc-unknown-none-elf/lib/libcompiler_builtins-f363025206c1bd14.rlib(compiler_builtins-f363025206c1bd14.compiler_builtins.b3cfb8e0e6c932fb-cgu.132.rcgu.o):(.text.memcpy)
             342              342        0     1                 
             342              342        0     1                 
             342              342        0     1                 
             342              342        0     1                 
             342              342        8     1                 memcpy
             34a              34a        0     1                 
             34a              34a        0     1                 
             34a              34a        0     1                 
             34a              34a       ac     2         /home/user/.rustup/toolchains/stable-x86_64-unknown-linux-gnu/lib/rustlib/riscv64gc-unknown-none-elf/lib/libcompiler_builtins-f363025206c1bd14.rlib(compiler_builtins-f363025206c1bd14.compiler_builtins.b3cfb8e0e6c932fb-cgu.10.rcgu.o):(.text._ZN17compiler_builtins3mem6memcpy17h302aaae14bc7834dE)
             34a              34a        0     1                 
             34a              34a        0     1                 
             34a              34a        0     1                 
             34a              34a       ac     1                 compiler_builtins::mem::memcpy::h302aaae14bc7834d
             34c              34c        0     1                 
             34c              34c        0     1                 
             350              350        0     1                 
             350              350        0     1                 
             354              354        0     1                 
             354              354        0     1                 
             358              358        0     1                 
             358              358        0     1                 
             35c              35c        0     1                 
             35c              35c        0     1                 
             360              360        0     1                 
             364              364        0     1                 
             368              368        0     1                 
             36c              36c        0     1                 
             36c              36c        0     1                 
             36e              36e        0     1                 
             36e              36e        0     1                 
             370              370        0     1                 
             370              370        0     1                 
             374              374        0     1                 
             374              374        0     1                 
             378              378        0     1                 
             378              378        0     1                 
             37c              37c        0     1                 
             380              380        0     1                 
             384              384        0     1                 
             388              388        0     1                 
             38c              38c        0     1                 
             38c              38c        0     1                 
             390              390        0     1                 
             392              392        0     1                 
             396              396        0     1                 
             3a0              3a0        0     1                 
             3a2              3a2        0     1                 
             3a4              3a4        0     1                 
             3a8              3a8        0     1                 
             3ac              3ac        0     1                 
             3ae              3ae        0     1                 
             3b2              3b2        0     1                 
             3b2              3b2        0     1                 
             3b4              3b4        0     1                 
             3b4              3b4        0     1                 
             3be              3be        0     1                 
             3be              3be        0     1                 
             3c0              3c0        0     1                 
             3c0              3c0        0     1                 
             3c4              3c4        0     1                 
             3c4              3c4        0     1                 
             3c8              3c8        0     1                 
             3ca              3ca        0     1                 
             3cc              3cc        0     1                 
             3d0              3d0        0     1                 
             3d0              3d0        0     1                 
             3d2              3d2        0     1                 
             3d2              3d2        0     1                 
             3d4              3d4        0     1                 
             3d4              3d4        0     1                 
             3d8              3d8        0     1                 
             3d8              3d8        0     1                 
             3dc              3dc        0     1                 
             3dc              3dc        0     1                 
             3e0              3e0        0     1                 
             3e0              3e0        0     1                 
             3e2              3e2        0     1                 
             3e4              3e4        0     1                 
             3e8              3e8        0     1                 
             3ec              3ec        0     1                 
             3ec              3ec        0     1                 
             3ee              3ee        0     1                 
             3ee              3ee        0     1                 
             3f4              3f4        0     1                 
             3f4              3f4        0     1                 
             3f6              3f6        0     1                 
             3f6              3f6        0     1                 
             3f6              3f6        0     1                 
             3f6              3f6      180     2         /home/user/.rustup/toolchains/stable-x86_64-unknown-linux-gnu/lib/rustlib/riscv64gc-unknown-none-elf/lib/libcompiler_builtins-f363025206c1bd14.rlib(compiler_builtins-f363025206c1bd14.compiler_builtins.b3cfb8e0e6c932fb-cgu.10.rcgu.o):(.text._ZN17compiler_builtins3mem7memmove17h8e2388d305ea176bE)
             3f6              3f6        0     1                 
             3f6              3f6        0     1                 
             3f6              3f6        0     1                 
             3f6              3f6        0     1                 
             3f6              3f6      180     1                 compiler_builtins::mem::memmove::h8e2388d305ea176b
             3fa              3fa        0     1                 
             3fa              3fa        0     1                 
             3fe              3fe        0     1                 
             3fe              3fe        0     1                 
             404              404        0     1                 
             404              404        0     1                 
             408              408        0     1                 
             408              408        0     1                 
             40c              40c        0     1                 
             410              410        0     1                 
             410              410        0     1                 
             414              414        0     1                 
             414              414        0     1                 
             418              418        0     1                 
             418              418        0     1                 
             422              422        0     1                 
             426              426        0     1                 
             426              426        0     1                 
             42a              42a        0     1                 
             42a              42a        0     1                 
             42e              42e        0     1                 
             436              436        0     1                 
             436              436        0     1                 
             438              438        0     1                 
             438              438        0     1                 
             43c              43c        0     1                 
             440              440        0     1                 
             444              444        0     1                 
             44c              44c        0     1                 
             450              450        0     1                 
             450              450        0     1                 
             454              454        0     1                 
             456              456        0     1                 
             45a              45a        0     1                 
             464              464        0     1                 
             466              466        0     1                 
             468              468        0     1                 
             46c              46c        0     1                 
             470              470        0     1                 
             472              472        0     1                 
             472              472        0     1                 
             476              476        0     1                 
             476              476        0     1                 
             47a              47a        0     1                 
             486              486        0     1                 
             486              486        0     1                 
             488              488        0     1                 
             488              488        0     1                 
             48c              48c        0     1                 
             48c              48c        0     1                 
             490              490        0     1                 
             490              490        0     1                 
             494              494        0     1                 
             494              494        0     1                 
             498              498        0     1                 
             498              498        0     1                 
             49c              49c        0     1                 
             4a0              4a0        0     1                 
             4a4              4a4        0     1                 
             4a8              4a8        0     1                 
             4a8              4a8        0     1                 
             4aa              4aa        0     1                 
             4aa              4aa        0     1                 
             4ac              4ac        0     1                 
             4ac              4ac        0     1                 
             4b0              4b0        0     1                 
             4b0              4b0        0     1                 
             4b4              4b4        0     1                 
             4b4              4b4        0     1                 
             4b8              4b8        0     1                 
             4bc              4bc        0     1                 
             4c0              4c0        0     1                 
             4c4              4c4        0     1                 
             4c8              4c8        0     1                 
             4c8              4c8        0     1                 
             4cc              4cc        0     1                 
             4ce              4ce        0     1                 
             4d2              4d2        0     1                 
             4dc              4dc        0     1                 
             4de              4de        0     1                 
             4e0              4e0        0     1                 
             4e4              4e4        0     1                 
             4e8              4e8        0     1                 
             4ea              4ea        0     1                 
             4ee              4ee        0     1                 
             4ee              4ee        0     1                 
             4f0              4f0        0     1                 
             4f0              4f0        0     1                 
             4fa              4fa        0     1                 
             4fa              4fa        0     1                 
             500              500        0     1                 
             500              500        0     1                 
             504              504        0     1                 
             504              504        0     1                 
             50c              50c        0     1                 
             50e              50e        0     1                 
             50e              50e        0     1                 
             512              512        0     1                 
             512              512        0     1                 
             516              516        0     1                 
             51e              51e        0     1                 
             51e              51e        0     1                 
             522              522        0     1                 
             522              522        0     1                 
             524              524        0     1                 
             52c              52c        0     1                 
             52e              52e        0     1                 
             532              532        0     1                 
             532              532        0     1                 
             536              536        0     1                 
             536              536        0     1                 
             53a              53a        0     1                 
             544              544        0     1                 
             544              544        0     1                 
             548              548        0     1                 
             54a              54a        0     1                 
             54c              54c        0     1                 
             550              550        0     1                 
             550              550        0     1                 
             552              552        0     1                 
             552              552        0     1                 
             554              554        0     1                 
             554              554        0     1                 
             558              558        0     1                 
             558              558        0     1                 
             55c              55c        0     1                 
             55c              55c        0     1                 
             560              560        0     1                 
             560              560        0     1                 
             562              562        0     1                 
             564              564        0     1                 
             568              568        0     1                 
             56c              56c        0     1                 
             56c              56c        0     1                 
             56e              56e        0     1                 
             56e              56e        0     1                 
             574              574        0     1                 
             574              574        0     1                 
             576              576        0     1                 
             576              576        0     1                 
             576              576        0     1                 
             576              576       68     2         /home/user/.rustup/toolchains/stable-x86_64-unknown-linux-gnu/lib/rustlib/riscv64gc-unknown-none-elf/lib/libcompiler_builtins-f363025206c1bd14.rlib(compiler_builtins-f363025206c1bd14.compiler_builtins.b3cfb8e0e6c932fb-cgu.10.rcgu.o):(.text._ZN17compiler_builtins3mem6memset17h5421b9937fc1cf34E)
             576              576        0     1                 
             576              576        0     1                 
             576              576        0     1                 
             576              576       68     1                 compiler_builtins::mem::memset::h5421b9937fc1cf34
             578              578        0     1                 
             578              578        0     1                 
             57c              57c        0     1                 
             57c              57c        0     1                 
             580              580        0     1                 
             580              580        0     1                 
             582              582        0     1                 
             582              582        0     1                 
             586              586        0     1                 
             586              586        0     1                 
             588              588        0     1                 
             58a              58a        0     1                 
             58e              58e        0     1                 
             58e              58e        0     1                 
             590              590        0     1                 
             590              590        0     1                 
             594              594        0     1                 
             594              594        0     1                 
             598              598        0     1                 
             59c              59c        0     1                 
             59c              59c        0     1                 
             5a0              5a0        0     1                 
             5a0              5a0        0     1                 
             5a4              5a4        0     1                 
             5bc              5bc        0     1                 
             5be              5be        0     1                 
             5be              5be        0     1                 
             5c0              5c0        0     1                 
             5c0              5c0        0     1                 
             5c4              5c4        0     1                 
             5c4              5c4        0     1                 
             5c8              5c8        0     1                 
             5c8              5c8        0     1                 
             5cc              5cc        0     1                 
             5ce              5ce        0     1                 
             5d0              5d0        0     1                 
             5d2              5d2        0     1                 
             5d6              5d6        0     1                 
             5d6              5d6        0     1                 
             5dc              5dc        0     1                 
             5dc              5dc        0     1                 
             5de              5de        0     1                 
             5de              5de        0     1                 
             5de              5de        0     1                 
             5de              5de       20     2         /home/user/.rustup/toolchains/stable-x86_64-unknown-linux-gnu/lib/rustlib/riscv64gc-unknown-none-elf/lib/libcompiler_builtins-f363025206c1bd14.rlib(compiler_builtins-f363025206c1bd14.compiler_builtins.b3cfb8e0e6c932fb-cgu.10.rcgu.o):(.text._ZN17compiler_builtins3mem6memcmp17h42054ab8671f0059E)
             5de              5de        0     1                 
             5de              5de        0     1                 
             5de              5de        0     1                 
             5de              5de        0     1                 
             5de              5de       20     1                 compiler_builtins::mem::memcmp::h42054ab8671f0059
             5e0              5e0        0     1                 
             5e4              5e4        0     1                 
             5e8              5e8        0     1                 
             5ec              5ec        0     1                 
             5f4              5f4        0     1                 
             5f4              5f4        0     1                 
             5f6              5f6        0     1                 
             5f8              5f8        0     1                 
             5f8              5f8        0     1                 
             5fc              5fc        0     1                 
             5fc              5fc        0     1                 
             5fe              5fe        0     1                 
             5fe              5fe        0     1                 
             5fe              5fe        0     1                 
             5fe              5fe        8     2         /home/user/.rustup/toolchains/stable-x86_64-unknown-linux-gnu/lib/rustlib/riscv64gc-unknown-none-elf/lib/libcompiler_builtins-f363025206c1bd14.rlib(compiler_builtins-f363025206c1bd14.compiler_builtins.b3cfb8e0e6c932fb-cgu.10.rcgu.o):(.text._ZN17compiler_builtins3mem4bcmp17h0718a2577c4cef5eE)
             5fe              5fe        0     1                 
             5fe              5fe        0     1                 
             5fe              5fe        0     1                 
             5fe              5fe        0     1                 
             5fe              5fe        8     1                 compiler_builtins::mem::bcmp::h0718a2577c4cef5e
             606              606        0     1                 
             606              606        0     1                 
             606              606        0     1                 
             606              606       22     2         /home/user/.rustup/toolchains/stable-x86_64-unknown-linux-gnu/lib/rustlib/riscv64gc-unknown-none-elf/lib/libcompiler_builtins-f363025206c1bd14.rlib(compiler_builtins-f363025206c1bd14.compiler_builtins.b3cfb8e0e6c932fb-cgu.10.rcgu.o):(.text._ZN17compiler_builtins3mem6strlen17hbc3ed54189eca716E)
             606              606        0     1                 
             606              606        0     1                 
             606              606        0     1                 
             606              606        0     1                 
             606              606       22     1                 compiler_builtins::mem::strlen::hbc3ed54189eca716
             60c              60c        0     1                 
             60e              60e        0     1                 
             61a              61a        0     1                 
             620              620        0     1                 
             622              622        0     1                 
             622              622        0     1                 
             624              624        0     1                 
             626              626        0     1                 
             628              628        0     1                 
             628              628        0     1                 
             628              628        0     1                 
             628              628       14     2         /home/user/.rustup/toolchains/stable-x86_64-unknown-linux-gnu/lib/rustlib/riscv64gc-unknown-none-elf/lib/libcompiler_builtins-f363025206c1bd14.rlib(compiler_builtins-f363025206c1bd14.compiler_builtins.b3cfb8e0e6c932fb-cgu.10.rcgu.o):(.text._ZN17compiler_builtins3mem40__llvm_memcpy_element_unordered_atomic_117hb7c568f45f98d5f9E)
             628              628        0     1                 
             628              628        0     1                 
             628              628        0     1                 
             628              628        0     1                 
             628              628       14     1                 compiler_builtins::mem::__llvm_memcpy_element_unordered_atomic_1::hb7c568f45f98d5f9
             62a              62a        0     1                 
             62e              62e        0     1                 
             632              632        0     1                 
             63a              63a        0     1                 
             63a              63a        0     1                 
             63c              63c        0     1                 
             63c              63c        0     1                 
             63c              63c        0     1                 
             63c              63c       1a     2         /home/user/.rustup/toolchains/stable-x86_64-unknown-linux-gnu/lib/rustlib/riscv64gc-unknown-none-elf/lib/libcompiler_builtins-f363025206c1bd14.rlib(compiler_builtins-f363025206c1bd14.compiler_builtins.b3cfb8e0e6c932fb-cgu.10.rcgu.o):(.text._ZN17compiler_builtins3mem40__llvm_memcpy_element_unordered_atomic_217hfddb5996ff4a7314E)
             63c              63c        0     1                 
             63c              63c        0     1                 
             63c              63c        0     1                 
             63c              63c        0     1                 
             63c              63c       1a     1                 compiler_builtins::mem::__llvm_memcpy_element_unordered_atomic_2::hfddb5996ff4a7314
             63e              63e        0     1                 
             640              640        0     1                 
             642              642        0     1                 
             644              644        0     1                 
             648              648        0     1                 
             64c              64c        0     1                 
             654              654        0     1                 
             654              654        0     1                 
             656              656        0     1                 
             656              656        0     1                 
             656              656        0     1                 
             656              656       16     2         /home/user/.rustup/toolchains/stable-x86_64-unknown-linux-gnu/lib/rustlib/riscv64gc-unknown-none-elf/lib/libcompiler_builtins-f363025206c1bd14.rlib(compiler_builtins-f363025206c1bd14.compiler_builtins.b3cfb8e0e6c932fb-cgu.10.rcgu.o):(.text._ZN17compiler_builtins3mem40__llvm_memcpy_element_unordered_atomic_417hd32ffbc0b2116684E)
             656              656        0     1                 
             656              656        0     1                 
             656              656        0     1                 
             656              656        0     1                 
             656              656       16     1                 compiler_builtins::mem::__llvm_memcpy_element_unordered_atomic_4::hd32ffbc0b2116684
             658              658        0     1                 
             65a              65a        0     1                 
             65c              65c        0     1                 
             65e              65e        0     1                 
             660              660        0     1                 
             662              662        0     1                 
             66a              66a        0     1                 
             66a              66a        0     1                 
             66c              66c        0     1                 
             66c              66c        0     1                 
             66c              66c        0     1                 
             66c              66c       16     2         /home/user/.rustup/toolchains/stable-x86_64-unknown-linux-gnu/lib/rustlib/riscv64gc-unknown-none-elf/lib/libcompiler_builtins-f363025206c1bd14.rlib(compiler_builtins-f363025206c1bd14.compiler_builtins.b3cfb8e0e6c932fb-cgu.10.rcgu.o):(.text._ZN17compiler_builtins3mem40__llvm_memcpy_element_unordered_atomic_817hcbf0d2d30fd9f155E)
             66c              66c        0     1                 
             66c              66c        0     1                 
             66c              66c        0     1                 
             66c              66c        0     1                 
             66c              66c       16     1                 compiler_builtins::mem::__llvm_memcpy_element_unordered_atomic_8::hcbf0d2d30fd9f155
             66e              66e        0     1                 
             670              670        0     1                 
             672              672        0     1                 
             674              674        0     1                 
             676              676        0     1                 
             678              678        0     1                 
             680              680        0     1                 
             680              680        0     1                 
             682              682        0     1                 
             682              682        0     1                 
             682              682        0     1                 
             682              682       36     2         /home/user/.rustup/toolchains/stable-x86_64-unknown-linux-gnu/lib/rustlib/riscv64gc-unknown-none-elf/lib/libcompiler_builtins-f363025206c1bd14.rlib(compiler_builtins-f363025206c1bd14.compiler_builtins.b3cfb8e0e6c932fb-cgu.10.rcgu.o):(.text._ZN17compiler_builtins3mem41__llvm_memmove_element_unordered_atomic_117hdddb60b02536a3dfE)
             682              682        0     1                 
             682              682        0     1                 
             682              682        0     1                 
             682              682        0     1                 
             682              682       36     1                 compiler_builtins::mem::__llvm_memmove_element_unordered_atomic_1::hdddb60b02536a3df
             686              686        0     1                 
             68c              68c        0     1                 
             694              694        0     1                 
             698              698        0     1                 
             698              698        0     1                 
             69a              69a        0     1                 
             69a              69a        0     1                 
             6a0              6a0        0     1                 
             6a4              6a4        0     1                 
             6a6              6a6        0     1                 
             6aa              6aa        0     1                 
             6ae              6ae        0     1                 
             6b6              6b6        0     1                 
             6b6              6b6        0     1                 
             6b8              6b8        0     1                 
             6b8              6b8        0     1                 
             6b8              6b8        0     1                 
             6b8              6b8       3e     2         /home/user/.rustup/toolchains/stable-x86_64-unknown-linux-gnu/lib/rustlib/riscv64gc-unknown-none-elf/lib/libcompiler_builtins-f363025206c1bd14.rlib(compiler_builtins-f363025206c1bd14.compiler_builtins.b3cfb8e0e6c932fb-cgu.10.rcgu.o):(.text._ZN17compiler_builtins3mem41__llvm_memmove_element_unordered_atomic_217hff40572707ee5f6dE)
             6b8              6b8        0     1                 
             6b8              6b8        0     1                 
             6b8              6b8        0     1                 
             6b8              6b8        0     1                 
             6b8              6b8       3e     1                 compiler_builtins::mem::__llvm_memmove_element_unordered_atomic_2::hff40572707ee5f6d
             6bc              6bc        0     1                 
             6c0              6c0        0     1                 
             6cc              6cc        0     1                 
             6d0              6d0        0     1                 
             6d2              6d2        0     1                 
             6d6              6d6        0     1                 
             6de              6de        0     1                 
             6e2              6e2        0     1                 
             6e4              6e4        0     1                 
             6e8              6e8        0     1                 
             6ec              6ec        0     1                 
             6f4              6f4        0     1                 
             6f4              6f4        0     1                 
             6f6              6f6        0     1                 
             6f6              6f6        0     1                 
             6f6              6f6        0     1                 
             6f6              6f6       36     2         /home/user/.rustup/toolchains/stable-x86_64-unknown-linux-gnu/lib/rustlib/riscv64gc-unknown-none-elf/lib/libcompiler_builtins-f363025206c1bd14.rlib(compiler_builtins-f363025206c1bd14.compiler_builtins.b3cfb8e0e6c932fb-cgu.10.rcgu.o):(.text._ZN17compiler_builtins3mem41__llvm_memmove_element_unordered_atomic_417h329c4e63e14731adE)
             6f6              6f6        0     1                 
             6f6              6f6        0     1                 
             6f6              6f6        0     1                 
             6f6              6f6        0     1                 
             6f6              6f6       36     1                 compiler_builtins::mem::__llvm_memmove_element_unordered_atomic_4::h329c4e63e14731ad
             6fa              6fa        0     1                 
             6fe              6fe        0     1                 
             70a              70a        0     1                 
             70c              70c        0     1                 
             70e              70e        0     1                 
             710              710        0     1                 
             718              718        0     1                 
             71c              71c        0     1                 
             71e              71e        0     1                 
             720              720        0     1                 
             722              722        0     1                 
             72a              72a        0     1                 
             72a              72a        0     1                 
             72c              72c        0     1                 
             72c              72c        0     1                 
             72c              72c        0     1                 
             72c              72c       36     2         /home/user/.rustup/toolchains/stable-x86_64-unknown-linux-gnu/lib/rustlib/riscv64gc-unknown-none-elf/lib/libcompiler_builtins-f363025206c1bd14.rlib(compiler_builtins-f363025206c1bd14.compiler_builtins.b3cfb8e0e6c932fb-cgu.10.rcgu.o):(.text._ZN17compiler_builtins3mem41__llvm_memmove_element_unordered_atomic_817h0ad1b54fff878db1E)
             72c              72c        0     1                 
             72c              72c        0     1                 
             72c              72c        0     1                 
             72c              72c        0     1                 
             72c              72c       36     1                 compiler_builtins::mem::__llvm_memmove_element_unordered_atomic_8::h0ad1b54fff878db1
             730              730        0     1                 
             734              734        0     1                 
             740              740        0     1                 
             742              742        0     1                 
             744              744        0     1                 
             746              746        0     1                 
             74e              74e        0     1                 
             752              752        0     1                 
             754              754        0     1                 
             756              756        0     1                 
             758              758        0     1                 
             760              760        0     1                 
             760              760        0     1                 
             762              762        0     1                 
             762              762        0     1                 
             762              762        0     1                 
             762              762        e     2         /home/user/.rustup/toolchains/stable-x86_64-unknown-linux-gnu/lib/rustlib/riscv64gc-unknown-none-elf/lib/libcompiler_builtins-f363025206c1bd14.rlib(compiler_builtins-f363025206c1bd14.compiler_builtins.b3cfb8e0e6c932fb-cgu.10.rcgu.o):(.text._ZN17compiler_builtins3mem40__llvm_memset_element_unordered_atomic_117h491efec7979d14fdE)
             762              762        0     1                 
             762              762        0     1                 
             762              762        0     1                 
             762              762        0     1                 
             762              762        e     1                 compiler_builtins::mem::__llvm_memset_element_unordered_atomic_1::h491efec7979d14fd
             764              764        0     1                 
             768              768        0     1                 
             76e              76e        0     1                 
             76e              76e        0     1                 
             770              770        0     1                 
             770              770        0     1                 
             770              770        0     1                 
             770              770       1a     2         /home/user/.rustup/toolchains/stable-x86_64-unknown-linux-gnu/lib/rustlib/riscv64gc-unknown-none-elf/lib/libcompiler_builtins-f363025206c1bd14.rlib(compiler_builtins-f363025206c1bd14.compiler_builtins.b3cfb8e0e6c932fb-cgu.10.rcgu.o):(.text._ZN17compiler_builtins3mem40__llvm_memset_element_unordered_atomic_217h5b9d0f22437a25a9E)
             770              770        0     1                 
             770              770        0     1                 
             770              770        0     1                 
             770              770        0     1                 
             770              770       1a     1                 compiler_builtins::mem::__llvm_memset_element_unordered_atomic_2::h5b9d0f22437a25a9
             772              772        0     1                 
             774              774        0     1                 
             778              778        0     1                 
             77a              77a        0     1                 
             77e              77e        0     1                 
             782              782        0     1                 
             788              788        0     1                 
             788              788        0     1                 
             78a              78a        0     1                 
             78a              78a        0     1                 
             78a              78a        0     1                 
             78a              78a       1e     2         /home/user/.rustup/toolchains/stable-x86_64-unknown-linux-gnu/lib/rustlib/riscv64gc-unknown-none-elf/lib/libcompiler_builtins-f363025206c1bd14.rlib(compiler_builtins-f363025206c1bd14.compiler_builtins.b3cfb8e0e6c932fb-cgu.10.rcgu.o):(.text._ZN17compiler_builtins3mem40__llvm_memset_element_unordered_atomic_417h30215210b31e3bceE)
             78a              78a        0     1                 
             78a              78a        0     1                 
             78a              78a        0     1                 
             78a              78a        0     1                 
             78a              78a       1e     1                 compiler_builtins::mem::__llvm_memset_element_unordered_atomic_4::h30215210b31e3bce
             78c              78c        0     1                 
             790              790        0     1                 
             796              796        0     1                 
             798              798        0     1                 
             79e              79e        0     1                 
             7a0              7a0        0     1                 
             7a6              7a6        0     1                 
             7a6              7a6        0     1                 
             7a8              7a8        0     1                 
             7a8              7a8        0     1                 
             7a8              7a8        0     1                 
             7a8              7a8       1e     2         /home/user/.rustup/toolchains/stable-x86_64-unknown-linux-gnu/lib/rustlib/riscv64gc-unknown-none-elf/lib/libcompiler_builtins-f363025206c1bd14.rlib(compiler_builtins-f363025206c1bd14.compiler_builtins.b3cfb8e0e6c932fb-cgu.10.rcgu.o):(.text._ZN17compiler_builtins3mem40__llvm_memset_element_unordered_atomic_817h0853bc2da0f78e04E)
             7a8              7a8        0     1                 
             7a8              7a8        0     1                 
             7a8              7a8        0     1                 
             7a8              7a8        0     1                 
             7a8              7a8       1e     1                 compiler_builtins::mem::__llvm_memset_element_unordered_atomic_8::h0853bc2da0f78e04
             7aa              7aa        0     1                 .Lpcrel_hi0
             7aa              7aa        0     1                 
             7b2              7b2        0     1                 
             7b4              7b4        0     1                 
             7b6              7b6        0     1                 
             7bc              7bc        0     1                 
             7be              7be        0     1                 
             7c4              7c4        0     1                 
             7c4              7c4        0     1                 
             7c6              7c6        0     1                 
             7c6              7c6        0     1                 
             7c6              7c6        0     1                 
             7c6              7c6        2     1         . = ALIGN ( 4 )
             7c8              7c8        8     8 PrgData
             7c8              7c8        8     8         /home/user/.rustup/toolchains/stable-x86_64-unknown-linux-gnu/lib/rustlib/riscv64gc-unknown-none-elf/lib/libcompiler_builtins-f363025206c1bd14.rlib(compiler_builtins-f363025206c1bd14.compiler_builtins.b3cfb8e0e6c932fb-cgu.10.rcgu.o):(.sdata)
             7c8              7c8        0     1                 .LCPI17_0
             7d0              7d0     20a0     4 DeviceData
             7d0              7d0     20a0     4         /home/user/starfive-flashloader/target/riscv64gc-unknown-none-elf/release/deps/starfive_flashloader-c72c34687475ab7e.starfive_flashloader.58903434e2f13121-cgu.0.rcgu.o:(DeviceData)
             7d0              7d0     20a0     1                 FlashDevice
            2870             2870      26c     8 .eh_frame
            2870             2870       e8     1         /home/user/starfive-flashloader/target/riscv64gc-unknown-none-elf/release/deps/starfive_flashloader-c72c34687475ab7e.starfive_flashloader.58903434e2f13121-cgu.0.rcgu.o:(.eh_frame+0x0)
            2958             2958       14     1         /home/user/.rustup/toolchains/stable-x86_64-unknown-linux-gnu/lib/rustlib/riscv64gc-unknown-none-elf/lib/libcompiler_builtins-f363025206c1bd14.rlib(compiler_builtins-f363025206c1bd14.compiler_builtins.b3cfb8e0e6c932fb-cgu.132.rcgu.o):(.eh_frame+0x14)
            296c             296c      16c     1         /home/user/.rustup/toolchains/stable-x86_64-unknown-linux-gnu/lib/rustlib/riscv64gc-unknown-none-elf/lib/libcompiler_builtins-f363025206c1bd14.rlib(compiler_builtins-f363025206c1bd14.compiler_builtins.b3cfb8e0e6c932fb-cgu.10.rcgu.o):(.eh_frame+0x14)
               0                0     1aa7     1 .debug_loc
               0                0     1aa7     1         /home/user/starfive-flashloader/target/riscv64gc-unknown-none-elf/release/deps/starfive_flashloader-c72c34687475ab7e.starfive_flashloader.58903434e2f13121-cgu.0.rcgu.o:(.debug_loc)
               0                0        0     1                 
              5d               5d        0     1                 
              a3               a3        0     1                 
              d6               d6        0     1                 
             109              109        0     1                 
             13c              13c        0     1                 
             16f              16f        0     1                 
             1a2              1a2        0     1                 
             1d5              1d5        0     1                 
             208              208        0     1                 
             23b              23b        0     1                 
             26e              26e        0     1                 
             2a1              2a1        0     1                 
             2d4              2d4        0     1                 
             307              307        0     1                 
             33a              33a        0     1                 
             393              393        0     1                 
             3c6              3c6        0     1                 
             3f9              3f9        0     1                 
             42c              42c        0     1                 
             45f              45f        0     1                 
             4b1              4b1        0     1                 
             4e4              4e4        0     1                 
             517              517        0     1                 
             54a              54a        0     1                 
             57d              57d        0     1                 
             5df              5df        0     1                 
             612              612        0     1                 
             689              689        0     1                 
             6db              6db        0     1                 
             752              752        0     1                 
             785              785        0     1                 
             7bc              7bc        0     1                 
             7ef              7ef        0     1                 
             848              848        0     1                 
             a75              a75        0     1                 
             ca2              ca2        0     1                 
             cf3              cf3        0     1                 
             d26              d26        0     1                 
             d75              d75        0     1                 
             dc4              dc4        0     1                 
             df8              df8        0     1                 
             e2b              e2b        0     1                 
             e63              e63        0     1                 
             eb4              eb4        0     1                 
             eec              eec        0     1                 
             f3d              f3d        0     1                 
             f9a              f9a        0     1                 
             ff7              ff7        0     1                 
            1054             1054        0     1                 
            10ad             10ad        0     1                 
            10f3             10f3        0     1                 
            1139             1139        0     1                 
            117f             117f        0     1                 
            11e1             11e1        0     1                 
            128e             128e        0     1                 
            133b             133b        0     1                 
            139d             139d        0     1                 
            13fb             13fb        0     1                 
            1430             1430        0     1                 
            1465             1465        0     1                 
            14b0             14b0        0     1                 
            14f1             14f1        0     1                 
            1526             1526        0     1                 
            1575             1575        0     1                 
            15c4             15c4        0     1                 
            1613             1613        0     1                 
            1646             1646        0     1                 
            167b             167b        0     1                 
            16b0             16b0        0     1                 
            16e3             16e3        0     1                 
            1745             1745        0     1                 
            177d             177d        0     1                 
            17cd             17cd        0     1                 
            181d             181d        0     1                 
            187f             187f        0     1                 
            18c0             18c0        0     1                 
            18f8             18f8        0     1                 
            192f             192f        0     1                 
            1979             1979        0     1                 
            19ac             19ac        0     1                 
            19f2             19f2        0     1                 
            1a25             1a25        0     1                 
            1a5d             1a5d        0     1                 
               0                0      60f     1 .debug_abbrev
               0                0      516     1         /home/user/starfive-flashloader/target/riscv64gc-unknown-none-elf/release/deps/starfive_flashloader-c72c34687475ab7e.starfive_flashloader.58903434e2f13121-cgu.0.rcgu.o:(.debug_abbrev)
             516              516       31     1         /home/user/.rustup/toolchains/stable-x86_64-unknown-linux-gnu/lib/rustlib/riscv64gc-unknown-none-elf/lib/libcompiler_builtins-f363025206c1bd14.rlib(compiler_builtins-f363025206c1bd14.compiler_builtins.b3cfb8e0e6c932fb-cgu.132.rcgu.o):(.debug_abbrev)
             547              547       c8     1         /home/user/.rustup/toolchains/stable-x86_64-unknown-linux-gnu/lib/rustlib/riscv64gc-unknown-none-elf/lib/libcompiler_builtins-f363025206c1bd14.rlib(compiler_builtins-f363025206c1bd14.compiler_builtins.b3cfb8e0e6c932fb-cgu.10.rcgu.o):(.debug_abbrev)
               0                0     76eb     1 .debug_info
               0                0     69b6     1         /home/user/starfive-flashloader/target/riscv64gc-unknown-none-elf/release/deps/starfive_flashloader-c72c34687475ab7e.starfive_flashloader.58903434e2f13121-cgu.0.rcgu.o:(.debug_info)
               0                0        0     1                 
            581d             581d        0     1                 
            591b             591b        0     1                 
            5c44             5c44        0     1                 
            5c98             5c98        0     1                 
            6215             6215        0     1                 
            68b4             68b4        0     1                 
            68e4             68e4        0     1                 
            69b6             69b6       53     1         /home/user/.rustup/toolchains/stable-x86_64-unknown-linux-gnu/lib/rustlib/riscv64gc-unknown-none-elf/lib/libcompiler_builtins-f363025206c1bd14.rlib(compiler_builtins-f363025206c1bd14.compiler_builtins.b3cfb8e0e6c932fb-cgu.132.rcgu.o):(.debug_info)
            69b6             69b6        0     1                 
            6a09             6a09      ce2     1         /home/user/.rustup/toolchains/stable-x86_64-unknown-linux-gnu/lib/rustlib/riscv64gc-unknown-none-elf/lib/libcompiler_builtins-f363025206c1bd14.rlib(compiler_builtins-f363025206c1bd14.compiler_builtins.b3cfb8e0e6c932fb-cgu.10.rcgu.o):(.debug_info)
            6a09             6a09        0     1                 
               0                0      2a0     1 .debug_aranges
               0                0      130     1         /home/user/starfive-flashloader/target/riscv64gc-unknown-none-elf/release/deps/starfive_flashloader-c72c34687475ab7e.starfive_flashloader.58903434e2f13121-cgu.0.rcgu.o:(.debug_aranges)
             130              130       30     1         /home/user/.rustup/toolchains/stable-x86_64-unknown-linux-gnu/lib/rustlib/riscv64gc-unknown-none-elf/lib/libcompiler_builtins-f363025206c1bd14.rlib(compiler_builtins-f363025206c1bd14.compiler_builtins.b3cfb8e0e6c932fb-cgu.132.rcgu.o):(.debug_aranges)
             160              160      140     1         /home/user/.rustup/toolchains/stable-x86_64-unknown-linux-gnu/lib/rustlib/riscv64gc-unknown-none-elf/lib/libcompiler_builtins-f363025206c1bd14.rlib(compiler_builtins-f363025206c1bd14.compiler_builtins.b3cfb8e0e6c932fb-cgu.10.rcgu.o):(.debug_aranges)
               0                0      8f0     1 .debug_ranges
               0                0      6d0     1         /home/user/starfive-flashloader/target/riscv64gc-unknown-none-elf/release/deps/starfive_flashloader-c72c34687475ab7e.starfive_flashloader.58903434e2f13121-cgu.0.rcgu.o:(.debug_ranges)
               0                0        0     1                 
              30               30        0     1                 
              70               70        0     1                 
              b0               b0        0     1                 
              e0               e0        0     1                 
             110              110        0     1                 
             140              140        0     1                 
             170              170        0     1                 
             1a0              1a0        0     1                 
             1d0              1d0        0     1                 
             200              200        0     1                 
             230              230        0     1                 
             260              260        0     1                 
             2a0              2a0        0     1                 
             2e0              2e0        0     1                 
             320              320        0     1                 
             350              350        0     1                 
             380              380        0     1                 
             3b0              3b0        0     1                 
             3e0              3e0        0     1                 
             410              410        0     1                 
             440              440        0     1                 
             470              470        0     1                 
             4a0              4a0        0     1                 
             4d0              4d0        0     1                 
             500              500        0     1                 
             530              530        0     1                 
             560              560        0     1                 
             590              590        0     1                 
             5c0              5c0        0     1                 
             5f0              5f0        0     1                 
             630              630        0     1                 
             690              690        0     1                 
             6d0              6d0      220     1         /home/user/.rustup/toolchains/stable-x86_64-unknown-linux-gnu/lib/rustlib/riscv64gc-unknown-none-elf/lib/libcompiler_builtins-f363025206c1bd14.rlib(compiler_builtins-f363025206c1bd14.compiler_builtins.b3cfb8e0e6c932fb-cgu.10.rcgu.o):(.debug_ranges)
             6d0              6d0        0     1                 
             700              700        0     1                 
             730              730        0     1                 
             760              760        0     1                 
             790              790        0     1                 
             7c0              7c0        0     1                 
               0                0     9f27     1 .debug_str
               0                0     9f27     1         <internal>:(.debug_str)
               0                0     2e7d     1 .debug_pubnames
               0                0     27b4     1         /home/user/starfive-flashloader/target/riscv64gc-unknown-none-elf/release/deps/starfive_flashloader-c72c34687475ab7e.starfive_flashloader.58903434e2f13121-cgu.0.rcgu.o:(.debug_pubnames)
            27b4             27b4       3b     1         /home/user/.rustup/toolchains/stable-x86_64-unknown-linux-gnu/lib/rustlib/riscv64gc-unknown-none-elf/lib/libcompiler_builtins-f363025206c1bd14.rlib(compiler_builtins-f363025206c1bd14.compiler_builtins.b3cfb8e0e6c932fb-cgu.132.rcgu.o):(.debug_pubnames)
            27ef             27ef      68e     1         /home/user/.rustup/toolchains/stable-x86_64-unknown-linux-gnu/lib/rustlib/riscv64gc-unknown-none-elf/lib/libcompiler_builtins-f363025206c1bd14.rlib(compiler_builtins-f363025206c1bd14.compiler_builtins.b3cfb8e0e6c932fb-cgu.10.rcgu.o):(.debug_pubnames)
               0                0     3af0     1 .debug_pubtypes
               0                0     3acc     1         /home/user/starfive-flashloader/target/riscv64gc-unknown-none-elf/release/deps/starfive_flashloader-c72c34687475ab7e.starfive_flashloader.58903434e2f13121-cgu.0.rcgu.o:(.debug_pubtypes)
            3acc             3acc       12     1         /home/user/.rustup/toolchains/stable-x86_64-unknown-linux-gnu/lib/rustlib/riscv64gc-unknown-none-elf/lib/libcompiler_builtins-f363025206c1bd14.rlib(compiler_builtins-f363025206c1bd14.compiler_builtins.b3cfb8e0e6c932fb-cgu.132.rcgu.o):(.debug_pubtypes)
            3ade             3ade       12     1         /home/user/.rustup/toolchains/stable-x86_64-unknown-linux-gnu/lib/rustlib/riscv64gc-unknown-none-elf/lib/libcompiler_builtins-f363025206c1bd14.rlib(compiler_builtins-f363025206c1bd14.compiler_builtins.b3cfb8e0e6c932fb-cgu.10.rcgu.o):(.debug_pubtypes)
               0                0       35     1 .riscv.attributes
               0                0       35     1         <internal>:(.riscv.attributes)
               0                0     195d     1 .debug_line
               0                0      c06     1         /home/user/starfive-flashloader/target/riscv64gc-unknown-none-elf/release/deps/starfive_flashloader-c72c34687475ab7e.starfive_flashloader.58903434e2f13121-cgu.0.rcgu.o:(.debug_line)
               0                0        0     1                 .Lline_table_start0
             a5a              a5a        0     1                 .Lline_table_start1
             a78              a78        0     1                 .Lline_table_start2
             a96              a96        0     1                 .Lline_table_start3
             ac2              ac2        0     1                 .Lline_table_start4
             b0b              b0b        0     1                 .Lline_table_start5
             b29              b29        0     1                 .Lline_table_start6
             b47              b47        0     1                 .Lline_table_start7
             c06              c06       4d     1         /home/user/.rustup/toolchains/stable-x86_64-unknown-linux-gnu/lib/rustlib/riscv64gc-unknown-none-elf/lib/libcompiler_builtins-f363025206c1bd14.rlib(compiler_builtins-f363025206c1bd14.compiler_builtins.b3cfb8e0e6c932fb-cgu.132.rcgu.o):(.debug_line)
             c06              c06        0     1                 .Lline_table_start0
             c53              c53      d0a     1         /home/user/.rustup/toolchains/stable-x86_64-unknown-linux-gnu/lib/rustlib/riscv64gc-unknown-none-elf/lib/libcompiler_builtins-f363025206c1bd14.rlib(compiler_builtins-f363025206c1bd14.compiler_builtins.b3cfb8e0e6c932fb-cgu.10.rcgu.o):(.debug_line)
             c53              c53        0     1                 .Lline_table_start0
               0                0       13     1 .comment
               0                0       13     1         <internal>:(.comment)
               0                0     c558     8 .symtab
               0                0     c558     8         <internal>:(.symtab)
               0                0       d4     1 .shstrtab
               0                0       d4     1         <internal>:(.shstrtab)
               0                0      80e     1 .strtab
               0                0      80e     1         <internal>:(.strtab)
